// Jest Snapshot v1, https://goo.gl/fbAQLP

exports[`Sport snapshot test 1`] = `
<div
  className="row p-4 mt-2 ml-5 mr-5 match-card rounded-border"
>
  <div
    className="col"
  >
    <div
      className="row"
    >
      <div
        className="col-2 col-sm-3"
      >
        <div
          className="container-fluid pt-2"
        >
          <div
            className="row"
          >
            <div
              className="col col-xl-4 mr-0"
            >
              <img
                alt="sport-pic"
                className="sport-img"
                src="sportImageUrl"
              />
            </div>
            <div
              className="col-6 col-xl d-none d-sm-block pl-0 my-auto"
            >
              <p
                className="sport-label"
              >
                Display name
              </p>
            </div>
          </div>
        </div>
      </div>
      <div
        className="offset-1 col my-auto"
      >
        <i
          className="name-label fas fa-users mr-2"
        />
        <label />
        <span>
           1
        </span>
      </div>
      <div
        className="offset-1 col my-auto"
      />
    </div>
  </div>
</div>
`;
